// Jest Snapshot v1, https://goo.gl/fbAQLP

exports[`AppSpotlightAppbar renders correctly 1`] = `
<div>
  <div
    class="AppSpotlightAppbar"
  />
</div>
`;
