// Jest Snapshot v1, https://goo.gl/fbAQLP

exports[`SensitiveFileCell renders correctly 1`] = `
<div>
  <div
    class="Table FileContentInspectionTableWrapper"
  >
    <table
      class="Table__table"
    >
      <thead>
        <tr
          class="Table__heading"
        >
          <th
            class="Table__heading-cell"
          >
            <span>
              patterns
            </span>
          </th>
          <th
            class="Table__heading-cell"
          >
            <span>
              results
            </span>
          </th>
        </tr>
      </thead>
      <tbody>
        <tr
          class="Table__row"
        >
          <td
            class="Table__cell"
          >
            <div>
              Social Security Number
            </div>
          </td>
          <td
            class="Table__cell"
          >
            <div
              data-testid="ssnCount"
            >
              3
               
              instances
               found
            </div>
          </td>
        </tr>
        <tr
          class="Table__row"
        >
          <td
            class="Table__cell"
          >
            <div>
              Credit Card Number
            </div>
          </td>
          <td
            class="Table__cell"
          >
            <div
              data-testid="ccnCount"
            >
              6
               
              instances
               found
            </div>
          </td>
        </tr>
      </tbody>
    </table>
  </div>
  <div
    class="Table FileContentInspectionTableWrapper FileContentInspectionTableWrapper--Phrase"
  >
    <table
      class="Table__table"
    >
      <thead>
        <tr
          class="Table__heading"
        >
          <th
            class="Table__heading-cell"
          >
            <span>
              phrase
            </span>
          </th>
          <th
            class="Table__heading-cell"
          >
            <span>
              exact match
            </span>
          </th>
          <th
            class="Table__heading-cell"
          >
            <span>
              results
            </span>
          </th>
        </tr>
      </thead>
      <tbody>
        <tr
          class="Table__row"
        >
          <td
            class="Table__cell"
          >
            <div
              class="FileContentInspectionTableWrapper__keywordLabel"
              data-testid="keyword-0"
            >
              merit
            </div>
          </td>
          <td
            class="Table__cell"
          >
            <div
              class="center"
            >
              <svg
                class="PhraseRow__icon"
                height="9"
                viewBox="0 0 13 9"
                width="13"
                xmlns="http://www.w3.org/2000/svg"
              >
                <path
                  d="M12.188 1.824L5.452 8.687a1.06 1.06 0 0 1-1.506 0L.812 5.541a1.072 1.072 0 0 1 0-1.511 1.062 1.062 0 0 1 1.506 0l2.381 2.39L10.682.313a1.062 1.062 0 0 1 1.506 0 1.071 1.071 0 0 1 0 1.511z"
                  fill="currentColor"
                  fill-rule="evenodd"
                />
              </svg>
            </div>
          </td>
          <td
            class="Table__cell"
          >
            <div>
              4
               
              instances
            </div>
          </td>
        </tr>
        <tr
          class="Table__row"
        >
          <td
            class="Table__cell"
          >
            <div
              class="FileContentInspectionTableWrapper__keywordLabel"
              data-testid="keyword-1"
            >
              acme
            </div>
          </td>
          <td
            class="Table__cell"
          >
            <div
              class="center"
            >
              <svg
                class="PhraseRow__icon"
                height="9"
                viewBox="0 0 13 9"
                width="13"
                xmlns="http://www.w3.org/2000/svg"
              >
                <path
                  d="M12.188 1.824L5.452 8.687a1.06 1.06 0 0 1-1.506 0L.812 5.541a1.072 1.072 0 0 1 0-1.511 1.062 1.062 0 0 1 1.506 0l2.381 2.39L10.682.313a1.062 1.062 0 0 1 1.506 0 1.071 1.071 0 0 1 0 1.511z"
                  fill="currentColor"
                  fill-rule="evenodd"
                />
              </svg>
            </div>
          </td>
          <td
            class="Table__cell"
          >
            <div>
              3
               
              instances
            </div>
          </td>
        </tr>
        <tr
          class="Table__row"
        >
          <td
            class="Table__cell"
          >
            <div
              class="FileContentInspectionTableWrapper__keywordLabel"
              data-testid="keyword-2"
            >
              drainage
            </div>
          </td>
          <td
            class="Table__cell"
          >
            <div
              class="center"
            >
              <svg
                class="PhraseRow__icon"
                height="9"
                viewBox="0 0 13 9"
                width="13"
                xmlns="http://www.w3.org/2000/svg"
              >
                <path
                  d="M12.188 1.824L5.452 8.687a1.06 1.06 0 0 1-1.506 0L.812 5.541a1.072 1.072 0 0 1 0-1.511 1.062 1.062 0 0 1 1.506 0l2.381 2.39L10.682.313a1.062 1.062 0 0 1 1.506 0 1.071 1.071 0 0 1 0 1.511z"
                  fill="currentColor"
                  fill-rule="evenodd"
                />
              </svg>
            </div>
          </td>
          <td
            class="Table__cell"
          >
            <div>
              2
               
              instances
            </div>
          </td>
        </tr>
        <tr
          class="Table__row"
        >
          <td
            class="Table__cell"
          >
            <div
              class="FileContentInspectionTableWrapper__keywordLabel"
              data-testid="keyword-3"
            >
              chopper
            </div>
          </td>
          <td
            class="Table__cell"
          >
            <div
              class="center"
            >
              <svg
                class="PhraseRow__icon"
                height="9"
                viewBox="0 0 13 9"
                width="13"
                xmlns="http://www.w3.org/2000/svg"
              >
                <path
                  d="M12.188 1.824L5.452 8.687a1.06 1.06 0 0 1-1.506 0L.812 5.541a1.072 1.072 0 0 1 0-1.511 1.062 1.062 0 0 1 1.506 0l2.381 2.39L10.682.313a1.062 1.062 0 0 1 1.506 0 1.071 1.071 0 0 1 0 1.511z"
                  fill="currentColor"
                  fill-rule="evenodd"
                />
              </svg>
            </div>
          </td>
          <td
            class="Table__cell"
          >
            <div>
              5
               
              instances
            </div>
          </td>
        </tr>
        <tr
          class="Table__row"
        >
          <td
            class="Table__cell"
          >
            <div
              class="FileContentInspectionTableWrapper__keywordLabel"
              data-testid="keyword-4"
            >
              erase
            </div>
          </td>
          <td
            class="Table__cell"
          >
            <div
              class="center"
            >
              <svg
                class="PhraseRow__icon"
                height="9"
                viewBox="0 0 13 9"
                width="13"
                xmlns="http://www.w3.org/2000/svg"
              >
                <path
                  d="M12.188 1.824L5.452 8.687a1.06 1.06 0 0 1-1.506 0L.812 5.541a1.072 1.072 0 0 1 0-1.511 1.062 1.062 0 0 1 1.506 0l2.381 2.39L10.682.313a1.062 1.062 0 0 1 1.506 0 1.071 1.071 0 0 1 0 1.511z"
                  fill="currentColor"
                  fill-rule="evenodd"
                />
              </svg>
            </div>
          </td>
          <td
            class="Table__cell"
          >
            <div>
              1
               
              instance
            </div>
          </td>
        </tr>
      </tbody>
    </table>
    <div
      class="Table__children"
    >
      <div
        class="EntityCountPagination"
      >
        <div>
          <button
            class="Button EntityCountPagination__export-button Button--secondary"
            type="button"
          >
            Export All
          </button>
        </div>
        <div
          class="EntityCountPagination__pagination-info"
        >
          <div
            class="EntityCountPagination__page-size EntityCountPagination__items-count"
          >
            <span>
              Displaying 5 Items Per Page
            </span>
          </div>
          <div
            class="Pagination"
          >
            <div
              class="Pagination__group"
            >
              <div
                aria-label="prev"
                class="PaginationItem PaginationItem--arrow"
              >
                <button
                  class="Typography Typography--body-tiny PaginationItem__link PaginationItem__link--disabled"
                >
                  <svg
                    class="Pagination__arrow"
                    height="20"
                    viewBox="0 0 20 20"
                    width="20"
                    xmlns="http://www.w3.org/2000/svg"
                  >
                    <polygon
                      fill="currentColor"
                      points="5,10 15,1 15,19"
                    />
                  </svg>
                </button>
              </div>
              <div
                aria-label="next"
                class="PaginationItem PaginationItem--arrow"
              >
                <button
                  class="Typography Typography--body-tiny PaginationItem__link"
                >
                  <svg
                    class="Pagination__arrow"
                    height="20"
                    viewBox="0 0 20 20"
                    width="20"
                    xmlns="http://www.w3.org/2000/svg"
                  >
                    <polygon
                      fill="currentColor"
                      points="15,10 5,1 5,19"
                    />
                  </svg>
                </button>
              </div>
            </div>
          </div>
        </div>
      </div>
    </div>
  </div>
</div>
`;
