// Jest Snapshot v1, https://goo.gl/fbAQLP

exports[`renders correctly 1`] = `
<div>
  <div
    class="ActionsCell"
  >
    <div
      class="DropdownWrapper"
      tabindex="1"
    >
      <button
        class="Button Button--dropdown Button--size-medium Button--secondary"
        type="button"
      >
        Actions
      </button>
      <svg
        class="DropdownPopup--arrow-off"
        height="8px"
        version="1.1"
        viewBox="0 0 12 8"
        width="12px"
      >
        <polygon
          id="path-1"
          points="6 8 12 0 0 0"
        />
      </svg>
      <ul
        class="DropdownPopup"
      >
        <span
          class="DropdownPopup--arrow"
        />
        
        
        
        <li
          class="DropdownPopup--item"
        >
          <span>
            Ignore Risk
          </span>
        </li>
        
      </ul>
    </div>
  </div>
</div>
`;
