// Jest Snapshot v1, https://goo.gl/fbAQLP

exports[`Risks renders correctly 1`] = `
<div>
  <div
    class="Risks"
  >
    <h1
      class="Typography Typography--h2 Typography--normal PageTitle"
    >
      Risks
    </h1>
    <div
      class="Risks__risks"
    >
      <div
        class="Risks__header"
      >
        <div
          class="Filter__container Risks__header__filter"
        >
          <div
            class="Filter__header"
          >
            <div
              class="Filter__header-label"
            >
              Platform
            </div>
            <div
              class="Filter__header-selected-text"
            >
              <span
                class="trigger"
              >
                All
              </span>
              <div
                class="Filter__header-arrow-down"
              />
            </div>
          </div>
          <div
            class="Filter__dropdown Filter__dropdown-close"
            style="max-height: 0px;"
          >
            <div
              class="Filter__dropdown-inner"
            >
              <div
                class="Filter__dropdown-item"
              >
                <input
                  checked=""
                  type="checkbox"
                />
                <div>
                  <img
                    alt="Google Workspace"
                    src="google-logo.svg"
                  />
                  <span
                    style="margin-left: 0.5rem;"
                  >
                    Google Workspace
                  </span>
                </div>
              </div>
              <div
                class="Filter__dropdown-item"
              >
                <input
                  checked=""
                  type="checkbox"
                />
                <div>
                  <img
                    alt="Microsoft 365"
                    src="office-365.svg"
                  />
                  <span
                    style="margin-left: 0.5rem;"
                  >
                    Microsoft 365
                  </span>
                </div>
              </div>
              <hr />
              <div
                class="Filter__dropdown-item"
              >
                <input
                  checked=""
                  type="checkbox"
                />
                All
              </div>
              <div
                class="Filter__action"
              >
                <button
                  class="Button Filter__action-apply Button--primary Button--disabled"
                  disabled=""
                  type="button"
                >
                  Apply
                </button>
                <button
                  class="Filter__action-reset"
                >
                  Reset filter
                </button>
              </div>
            </div>
          </div>
        </div>
        <div
          class="Filter__container Risks__header__filter"
        >
          <div
            class="Filter__header"
          >
            <div
              class="Filter__header-label"
            >
              Risk Type
            </div>
            <div
              class="Filter__header-selected-text"
            >
              <span
                class="trigger"
              >
                All
              </span>
              <div
                class="Filter__header-arrow-down"
              />
            </div>
          </div>
          <div
            class="Filter__dropdown Filter__dropdown-close"
            style="max-height: 0px;"
          >
            <div
              class="Filter__dropdown-inner"
            >
              <div
                class="Filter__dropdown-item"
              >
                <input
                  checked=""
                  type="checkbox"
                />
                <div>
                  <span
                    style="margin-left: 0.5rem;"
                  >
                    Sharing Risks
                  </span>
                </div>
              </div>
              <div
                class="Filter__dropdown-item"
              >
                <input
                  checked=""
                  type="checkbox"
                />
                <div>
                  <span
                    style="margin-left: 0.5rem;"
                  >
                    Relationship Risks
                  </span>
                </div>
              </div>
              <div
                class="Filter__dropdown-item"
              >
                <input
                  checked=""
                  type="checkbox"
                />
                <div>
                  <span
                    style="margin-left: 0.5rem;"
                  >
                    Activity Risks
                  </span>
                </div>
              </div>
              <div
                class="Filter__dropdown-item"
              >
                <input
                  checked=""
                  type="checkbox"
                />
                <div>
                  <span
                    style="margin-left: 0.5rem;"
                  >
                    Informational Risks
                  </span>
                </div>
              </div>
              <hr />
              <div
                class="Filter__dropdown-item"
              >
                <input
                  checked=""
                  type="checkbox"
                />
                All
              </div>
              <div
                class="Filter__action"
              >
                <button
                  class="Button Filter__action-apply Button--primary Button--disabled"
                  disabled=""
                  type="button"
                >
                  Apply
                </button>
                <button
                  class="Filter__action-reset"
                >
                  Reset filter
                </button>
              </div>
            </div>
          </div>
        </div>
        <div
          class="Filter__container"
        >
          <div
            class="Filter__header"
          >
            <div
              class="Filter__header-label"
            >
              State
            </div>
            <div
              class="Filter__header-selected-text"
            >
              <span>
                Active
              </span>
              <div
                class="Filter__header-arrow-down"
              />
            </div>
          </div>
          <div
            class="Filter__dropdown Filter__dropdown-close"
            style="max-height: 0px;"
          >
            <div
              class="Filter__dropdown-inner"
            >
              <div
                class="Filter__dropdown-item single"
              >
                Active
              </div>
              <div
                class="Filter__dropdown-item single"
              >
                Ignored
              </div>
              <div
                class="Filter__dropdown-item single"
              >
                All
              </div>
            </div>
          </div>
        </div>
        <button
          class="Button Button--simple"
          type="button"
        >
          Reset
        </button>
      </div>
      <div
        class="Table RisksTable"
      >
        <table
          class="Table__table"
        >
          <thead>
            <tr
              class="Table__heading"
            >
              <th
                class="Table__heading-cell-sortable"
              >
                <span>
                  Severity
                </span>
                <span
                  class="Table__heading-sorting-state"
                >
                  <svg
                    class=""
                    height="11"
                    viewBox="0 0 7 11"
                    width="7"
                    xmlns="http://www.w3.org/2000/svg"
                  >
                    <path
                      d="M3.884 10.71l-.016.011-.051.045a.492.492 0 0 1-.636-.056L.355 7.884A.504.504 0 0 1 .3 7.246l.057-.067a.493.493 0 0 1 .705-.003l2.471 2.472L6.01 7.172a.504.504 0 0 1 .637-.055l.068.056a.493.493 0 0 1 0 .705l-2.83 2.831zM3.884.276L3.868.264 3.817.219a.492.492 0 0 0-.636.056L.355 3.102a.504.504 0 0 0-.055.637l.057.068a.493.493 0 0 0 .705.002l2.471-2.472L6.01 3.813a.504.504 0 0 0 .637.056l.068-.057a.493.493 0 0 0 0-.704L3.886.276z"
                      fill="currentColor"
                      fill-rule="evenodd"
                    />
                  </svg>
                </span>
              </th>
              <th
                class="Table__heading-cell"
              >
                <span>
                  Risk Type
                </span>
              </th>
              <th
                class="Table__heading-cell"
              >
                <span>
                  Files At Risk
                </span>
              </th>
              <th
                class="Table__heading-cell"
              >
                <span>
                  File Owner
                </span>
              </th>
              <th
                class="Table__heading-cell-sortable"
              >
                <span>
                  Detected On
                </span>
                <span
                  class="Table__heading-sorting-state"
                >
                  â†“
                </span>
              </th>
              <th
                class="Table_heading-cell"
              />
            </tr>
          </thead>
          <tbody>
            <tr
              class="Table__row"
            >
              <td
                class="Table__cell"
              >
                <div
                  class="RiskIndicator RiskIndicator--bar"
                >
                  <div
                    class="RiskIndicator__inner RiskIndicator--medium"
                  />
                </div>
              </td>
              <td
                class="Table__cell"
              >
                <div
                  class="RiskDescriptionCell"
                >
                  <span>
                    File Shared by Link Externally - Company Owned
                  </span>
                </div>
              </td>
              <td
                class="Table__cell"
              >
                <div
                  class="FileCell FileCell__multiline"
                >
                  <div
                    class="FileCell__icons"
                  >
                    <span
                      class="AppIndicator"
                    >
                      <div
                        class="platform-container"
                      >
                        <a
                          class="trigger"
                          href="webLink"
                          rel="noopener noreferrer"
                          target="_blank"
                        >
                          <div>
                            <div>
                              <div
                                class="platform-icon-container"
                                data-testid="platform-icon"
                              >
                                <img
                                  alt="Google Workspace"
                                  class="platform-icon"
                                  src="google-logo.svg"
                                  title="Google Workspace"
                                />
                              </div>
                            </div>
                          </div>
                        </a>
                      </div>
                    </span>
                    <div
                      style="margin-right: 0.3em;"
                    />
                    <div
                      class="file_icon_container"
                    >
                      <div
                        class="trigger"
                      >
                        <img
                          alt="mimeType"
                          class="file_icon"
                          src="icon-small-file.png"
                        />
                      </div>
                    </div>
                  </div>
                  <a
                    class="FileCell__link"
                    data-testid="file-cell-link"
                    href="/dashboard/file/1_4sZI4rBgwnC2VDUKCSLFHMJc77oWEI2?owner=bobbie@thoughtlabs.io&selection=sensitive&platformId=gsuite&sensitive=true"
                  >
                    <div>
                      <div>
                        ptinpoly.c
                      </div>
                      <div
                        class="FileCell__spacer-top-5"
                      >
                        <div
                          class="sensitiveFileAlert trigger"
                          data-testid="sensitiveFileAlert"
                        >
                          <span
                            class="Typography Typography--body Marker Marker__sensitive_content"
                          >
                            Sensitive Content
                          </span>
                        </div>
                      </div>
                    </div>
                  </a>
                </div>
              </td>
              <td
                class="Table__cell"
              >
                <div
                  class="PersonCell"
                >
                  <a
                    class="PersonCell__link"
                    href="/dashboard/spotlight/bobbie%40thoughtlabs.io"
                  >
                    <div
                      class="PersonCell__email"
                    >
                      <span
                        class="trigger"
                      >
                        bobbie@thoughtlab...
                      </span>
                      <span
                        class="Typography Typography--body PersonCell__email-ext trigger Marker Marker__ext"
                      >
                        EXT
                      </span>
                    </div>
                  </a>
                </div>
              </td>
              <td
                class="Table__cell"
              >
                <div
                  class="DateAndTimeCell"
                >
                  <time
                    class="DateAndTimeCell__date"
                    datetime="1566244504000"
                  >
                    Aug 19, 2019
                  </time>
                  <div
                    class="DateAndTimeCell__time-container"
                  >
                    <time
                      class="DateAndTimeCell__time"
                      datetime="1566244504000"
                    >
                      12:55pm
                    </time>
                  </div>
                </div>
              </td>
              <td
                class="Table__cell"
              >
                <div
                  class="ActionsCell"
                >
                  <div
                    class="DropdownWrapper"
                    tabindex="1"
                  >
                    <button
                      class="Button Button--dropdown Button--size-medium Button--secondary"
                      type="button"
                    >
                      Actions
                    </button>
                    <svg
                      class="DropdownPopup--arrow-off"
                      height="8px"
                      version="1.1"
                      viewBox="0 0 12 8"
                      width="12px"
                    >
                      <polygon
                        id="path-1"
                        points="6 8 12 0 0 0"
                      />
                    </svg>
                    <ul
                      class="DropdownPopup"
                    >
                      <span
                        class="DropdownPopup--arrow"
                      />
                      <li
                        class="DropdownPopup--item"
                      >
                        <span>
                          Alert File Owner
                        </span>
                      </li>
                      <li
                        class="DropdownPopup--item"
                      >
                        <a
                          href="/dashboard/resolve/8c488709dbae483aa0a3576b6fd6589e?riskId=8c488709dbae483aa0a3576b6fd6589e&riskTypeId=1020&email=risk_creator%40thoughtlabs.io&appName=name&appId=id&fileCount=1&platformId=gsuite"
                        >
                          Resolve Risk
                        </a>
                      </li>
                      
                      <li
                        class="DropdownPopup--item"
                      >
                        <span>
                          Ignore Risk
                        </span>
                      </li>
                      
                    </ul>
                  </div>
                </div>
              </td>
            </tr>
          </tbody>
        </table>
      </div>
      <div
        class="EntityCountPagination"
      >
        <div>
          <button
            class="Button EntityCountPagination__export-button Button--secondary"
            type="button"
          >
            Export All
          </button>
        </div>
        <div
          class="EntityCountPagination__pagination-info"
        >
          <div
            class="EntityCountPagination__page-size EntityCountPagination__items-count"
          >
            <span>
              Displaying
            </span>
            <div
              class="EntityCountPagination__controller"
            >
              <select
                class="FormControl FormControl--flat"
              >
                <option
                  class="FormControl FormControl--flat"
                  value="10"
                >
                  10
                </option>
                <option
                  class="FormControl FormControl--flat"
                  value="20"
                >
                  20
                </option>
                <option
                  class="FormControl FormControl--flat"
                  value="25"
                >
                  25
                </option>
                <option
                  class="FormControl FormControl--flat"
                  value="50"
                >
                  50
                </option>
              </select>
            </div>
            <span>
              Items Per Page
            </span>
          </div>
          <div
            class="Pagination"
          >
            <div
              class="Pagination__group"
            >
              <div
                class="PaginationItem PaginationItem--side"
              >
                <button
                  class="Typography Typography--body-tiny PaginationItem__link PaginationItem__link--disabled"
                >
                  1
                </button>
              </div>
            </div>
            <div
              class="Pagination__group"
            >
              <div
                aria-label="prev"
                class="PaginationItem PaginationItem--arrow"
              >
                <button
                  class="Typography Typography--body-tiny PaginationItem__link PaginationItem__link--disabled"
                >
                  <svg
                    class="Pagination__arrow"
                    height="20"
                    viewBox="0 0 20 20"
                    width="20"
                    xmlns="http://www.w3.org/2000/svg"
                  >
                    <polygon
                      fill="currentColor"
                      points="5,10 15,1 15,19"
                    />
                  </svg>
                </button>
              </div>
              <div
                aria-label="1"
                class="PaginationItem PaginationItem--number"
              >
                <button
                  class="Typography Typography--body-tiny PaginationItem__link PaginationItem__link--active"
                >
                  1
                </button>
              </div>
              <div
                aria-label="2"
                class="PaginationItem PaginationItem--number"
              >
                <button
                  class="Typography Typography--body-tiny PaginationItem__link"
                >
                  2
                </button>
              </div>
              <div
                aria-label="3"
                class="PaginationItem PaginationItem--number"
              >
                <button
                  class="Typography Typography--body-tiny PaginationItem__link"
                >
                  3
                </button>
              </div>
              <div
                aria-label="4"
                class="PaginationItem PaginationItem--number"
              >
                <button
                  class="Typography Typography--body-tiny PaginationItem__link"
                >
                  4
                </button>
              </div>
              <div
                aria-label="5"
                class="PaginationItem PaginationItem--number"
              >
                <button
                  class="Typography Typography--body-tiny PaginationItem__link"
                >
                  5
                </button>
              </div>
              <div
                aria-label="next"
                class="PaginationItem PaginationItem--arrow"
              >
                <button
                  class="Typography Typography--body-tiny PaginationItem__link"
                >
                  <svg
                    class="Pagination__arrow"
                    height="20"
                    viewBox="0 0 20 20"
                    width="20"
                    xmlns="http://www.w3.org/2000/svg"
                  >
                    <polygon
                      fill="currentColor"
                      points="15,10 5,1 5,19"
                    />
                  </svg>
                </button>
              </div>
            </div>
            <div
              class="Pagination__group"
            >
              <div
                class="PaginationItem PaginationItem--side"
              >
                <button
                  class="Typography Typography--body-tiny PaginationItem__link"
                >
                  49
                </button>
              </div>
            </div>
            <form
              class="PageNumberInput"
            >
              <div
                class="Typography Typography--body-tiny Typography--semibold PageNumberInput__label"
              >
                Go to page
              </div>
              <div
                class="PageNumberInput__input-wrapper"
              >
                <input
                  class="PageNumberInput__input"
                  type="text"
                  value=""
                />
              </div>
              <button
                class="Button PageNumberInput__submit Button--pagination Button--disabled"
                disabled=""
                type="submit"
              >
                GO
              </button>
            </form>
          </div>
        </div>
      </div>
    </div>
  </div>
</div>
`;
