// Jest Snapshot v1, https://goo.gl/fbAQLP

exports[`AvatarCell renders correctly 1`] = `
<div>
  <div
    class="AvatarCell"
  >
    <div
      class="BaseAvatar "
    >
      <div
        class="BaseAvatar__text"
        style="background-color: rgb(0, 131, 45);"
      >
        <div>
          B
          H
        </div>
      </div>
    </div>
  </div>
</div>
`;
