// Jest Snapshot v1, https://goo.gl/fbAQLP

exports[`EditFilePermission renders correctly 1`] = `
<div>
  <div
    class="ModalPage"
  >
    <div
      class="EditFilePermission"
    >
      <div
        class="Actionbar"
      >
        <div
          class="Typography Typography--h4 Typography--normal Actionbar__title-wrapper"
        >
          Edit File Permissions
        </div>
        <div
          class="Actionbar__close"
        >
          Ã—
        </div>
      </div>
      <div
        class="EditFilePermissionContainer"
      >
        <div
          class="EditFilePermissionHeader"
        >
          <div
            class="EditFilePermissionHeader__title EditFilePermissionHeader__title--permissions"
          >
            <a
              href="/dashboard/file/11nKrCMT0M-LlErehXxmnifZR8B7tIsLGbcmn3gQxFYE"
            >
              <h3
                class="Typography Typography--h3 Typography--normal EditFilePermissionHeader__filename"
              >
                acme-escape-geiger-snowcap
              </h3>
            </a>
          </div>
          <div
            class="EditFilePermissionHeader__subheader EditFilePermissionHeader__subheader--permissions"
          >
            <span
              class="AppIndicator EditFilePermissionHeader__subheader--icon"
            >
              <div
                class="platform-container"
              >
                <div
                  class="trigger"
                >
                  <div>
                    <div
                      class="platform-icon-container"
                      data-testid="platform-icon"
                    >
                      <img
                        alt="Google Workspace"
                        class="platform-icon"
                        src="google-logo.svg"
                        title="Google Workspace"
                      />
                    </div>
                  </div>
                </div>
              </div>
            </span>
            <span
              class="EditFilePermissionHeader__file-attribute"
            >
              <span>
                Owned by:
              </span>
              <span
                class="EditFilePermissionHeader__file-attribute-value"
              >
                <a
                  class="EditFilePermissionHeader__link"
                  href="/dashboard/spotlight/ahead%40bombast.org"
                >
                  Prowler Accrue
                </a>
              </span>
            </span>
            <span
              class="EditFilePermissionHeader__file-attribute"
            >
              <span>
                Created:
              </span>
              <time
                class="EditFilePermissionHeader__file-attribute-value"
                datetime="1573051338000"
              >
                Nov 6, 2019
              </time>
            </span>
            <span
              class="EditFilePermissionHeader__file-attribute"
            >
              <span>
                Last Modified:
              </span>
              <time
                class="EditFilePermissionHeader__file-attribute-value"
                datetime="1573051391000"
              >
                Nov 6, 2019
              </time>
            </span>
          </div>
        </div>
        <div
          class="EditFilePermissionContainer--wrapper"
        >
          <div
            class="Typography Typography--h4 Typography--normal EditFilePermissionContainer__heading"
          >
            File Permissions
          </div>
          <div
            class="FilePermissions"
          >
            <div
              class="ErrorBox"
            >
              <div
                class="ErrorBox__message-container"
              >
                <div
                  class="ErrorBox__main-message"
                >
                  No Results Found
                </div>
                <div
                  class="ErrorBox__secondary-message"
                />
              </div>
            </div>
          </div>
        </div>
      </div>
    </div>
  </div>
</div>
`;
