// Jest Snapshot v1, https://goo.gl/fbAQLP

exports[`NoPaginationLayout renders correctly 1`] = `
<div>
  <div>
    <table />
  </div>
</div>
`;
