// Jest Snapshot v1, https://goo.gl/fbAQLP

exports[`PageTitle renders correctly 1`] = `
<div>
  <h1
    class="Typography Typography--h2 Typography--normal PageTitle"
  >
    Sample Page Title
  </h1>
</div>
`;
