// Jest Snapshot v1, https://goo.gl/fbAQLP

exports[`DateRange renders correctly 1`] = `
<div>
  <div
    class="DateRange DateRange--custom"
  >
    <time
      class="DateRange__date"
      datetime="1566492823000"
    >
      Aug 22, 2019
    </time>
     - 
    <time
      class="DateRange__date"
      datetime="1566502823000"
    >
      Aug 22, 2019
    </time>
  </div>
</div>
`;
